[dotenv@17.3.1] injecting env (7) from .env -- tip: ΓÜí∩╕Å secrets for agents: https://dotenvx.com/as2
Connecting to MongoDB...
URI: URI found
node : Failed to connect to 
MongoDB:
At line:1 char:1
+ node test-db.js > 
test_output.txt 2>&1
+ ~~~~~~~~~~~~~~~~~~~~~~~~~~~
~~~~~~~~~~~
    + CategoryInfo           
   : NotSpecified: (Failed   
  to connect to MongoDB::S   
 tring) [], RemoteExcepti    
on
    + FullyQualifiedErrorId  
   : NativeCommandError
 
querySrv ECONNREFUSED _mongod
b._tcp.cluster0.plipo0l.mongo
db.net
